------------------------------------------------------------
Client connecting to 10.0.0.4, UDP port 5002
Sending 1470 byte datagrams, IPG target: 280.38 us (kalman adjust)
UDP buffer size:  208 KByte (default)
------------------------------------------------------------
[  1] local 10.0.0.3 port 47702 connected with 10.0.0.4 port 5002
[ ID] Interval       Transfer     Bandwidth
[  1] 0.0000-1.0000 sec  5.00 MBytes  42.0 Mbits/sec
[  1] 1.0000-2.0000 sec  5.00 MBytes  41.9 Mbits/sec
[  1] 2.0000-3.0000 sec  5.00 MBytes  41.9 Mbits/sec
[  1] 3.0000-4.0000 sec  5.00 MBytes  41.9 Mbits/sec
[  1] 4.0000-5.0000 sec  5.00 MBytes  41.9 Mbits/sec
[  1] 5.0000-6.0000 sec  5.00 MBytes  41.9 Mbits/sec
[  1] 6.0000-7.0000 sec  5.00 MBytes  41.9 Mbits/sec
[  1] 7.0000-8.0000 sec  5.00 MBytes  41.9 Mbits/sec
[  1] 8.0000-9.0000 sec  5.00 MBytes  41.9 Mbits/sec
[  1] 9.0000-10.0000 sec  5.00 MBytes  41.9 Mbits/sec
[  1] 10.0000-11.0000 sec  5.00 MBytes  41.9 Mbits/sec
[  1] 11.0000-12.0000 sec  5.00 MBytes  41.9 Mbits/sec
[  1] 12.0000-13.0000 sec  5.00 MBytes  41.9 Mbits/sec
[  1] 13.0000-14.0000 sec  5.00 MBytes  41.9 Mbits/sec
[  1] 14.0000-15.0000 sec  5.00 MBytes  41.9 Mbits/sec
[  1] 15.0000-16.0000 sec  5.00 MBytes  41.9 Mbits/sec
[  1] 16.0000-17.0000 sec  5.00 MBytes  41.9 Mbits/sec
[  1] 17.0000-18.0000 sec  5.00 MBytes  41.9 Mbits/sec
[  1] 0.0000-18.0005 sec  90.0 MBytes  41.9 Mbits/sec
[  1] Sent 64203 datagrams
[  1] Server Report:
[ ID] Interval       Transfer     Bandwidth        Jitter   Lost/Total Datagrams
[  1] 0.0000-18.0577 sec  8.36 MBytes  3.88 Mbits/sec   0.213 ms 58243/64203 (91%)
